// Jest Snapshot v1, https://goo.gl/fbAQLP

exports[`<App/> switches from welcome screen to a game screen on play button 1`] = `ReactWrapper {}`;
